============================= test session starts =============================
platform win32 -- Python 3.13.9, pytest-9.0.2, pluggy-1.6.0 -- C:\Users\msrov\AppData\Local\Microsoft\WindowsApps\PythonSoftwareFoundation.Python.3.13_qbz5n2kfra8p0\python.exe
cachedir: .pytest_cache
rootdir: C:\Users\msrov\Downloads\mem0-main\mem0-main
configfile: pyproject.toml
plugins: anyio-4.12.1
collecting ... collected 3 items

tests/test_process_interaction_multimodal.py::TestMultimodalProcessing::test_add_with_text_envelope ERROR [ 33%]
tests/test_process_interaction_multimodal.py::TestMultimodalProcessing::test_add_with_voice_envelope ERROR [ 66%]
tests/test_process_interaction_multimodal.py::TestMultimodalProcessing::test_add_with_dict_envelope ERROR [100%]

=================================== ERRORS ====================================
___ ERROR at setup of TestMultimodalProcessing.test_add_with_text_envelope ____

self = <test_process_interaction_multimodal.TestMultimodalProcessing object at 0x000001EE84149BD0>

    @pytest.fixture
    def memory(self):
        with (
            patch("mem0.utils.factory.EmbedderFactory.create") as mock_embedder,
            patch("mem0.utils.factory.LlmFactory.create") as mock_llm,
            patch("mem0.utils.factory.VectorStoreFactory.create") as mock_vector,
            patch("mem0.utils.factory.GraphStoreFactory.create") as mock_graph,
        ):
            mock_llm.return_value = MagicMock()
            mock_embedder.return_value = MagicMock()
            mock_vector.return_value = MagicMock()
            mock_graph.return_value = MagicMock()
    
            # Mock the add logic to return a fake success
            # We are testing the envelope extraction and context enrichment
            config = MemoryConfig()
            config.vector_store.provider = "qdrant"  # Use something else to skip supabase specific init
>           mem = Memory(config)
                  ^^^^^^^^^^^^^^

config     = MemoryConfig(vector_store=VectorStoreConfig(provider='qdrant', config=None), llm=LlmConfig(provider='openai', config={}), embedder=EmbedderConfig(provider='openai', config={}), history_db_path='C:\\Users\\msrov\\.mem0\\history.db', version='v1.1', custom_fact_extraction_prompt=None, custom_update_memory_prompt=None, graph_store=None, reranker=None, enable_resonance=False, enable_ego=False)
mock_embedder = <MagicMock name='create' id='2124083439536'>
mock_graph = <MagicMock name='create' id='2124083440544'>
mock_llm   = <MagicMock name='create' id='2124083440208'>
mock_vector = <MagicMock name='create' id='2124083438192'>
self       = <test_process_interaction_multimodal.TestMultimodalProcessing object at 0x000001EE84149BD0>

tests\test_process_interaction_multimodal.py:26: 
_ _ _ _ _ _ _ _ _ _ _ _ _ _ _ _ _ _ _ _ _ _ _ _ _ _ _ _ _ _ _ _ _ _ _ _ _ _ _ _
mem0\memory\sync_memory.py:150: in __init__
    capture_event("mem0.init", self, {"sync_type": "sync"})
        attr       = 'metric'
        config     = MemoryConfig(vector_store=VectorStoreConfig(provider='qdrant', config=None), llm=LlmConfig(provider='openai', config={}), embedder=EmbedderConfig(provider='openai', config={}), history_db_path='C:\\Users\\msrov\\.mem0\\history.db', version='v1.1', custom_fact_extraction_prompt=None, custom_update_memory_prompt=None, graph_store=None, reranker=None, enable_resonance=False, enable_ego=False)
        self       = <mem0.memory.sync_memory.Memory object at 0x000001EE8D3D3230>
        telemetry_config_dict = {'collection_name': 'mem0migrations'}
_ _ _ _ _ _ _ _ _ _ _ _ _ _ _ _ _ _ _ _ _ _ _ _ _ _ _ _ _ _ _ _ _ _ _ _ _ _ _ _

event_name = 'mem0.init'
memory_instance = <mem0.memory.sync_memory.Memory object at 0x000001EE8D3D3230>
additional_data = {'sync_type': 'sync'}

    def capture_event(event_name, memory_instance, additional_data=None):
        oss_telemetry = AnonymousTelemetry(
            vector_store=memory_instance._telemetry_vector_store
            if hasattr(memory_instance, "_telemetry_vector_store")
            else None,
        )
    
        event_data = {
            "collection": memory_instance.collection_name,
            "vector_size": memory_instance.embedding_model.config.embedding_dims,
            "history_store": "sqlite",
            "graph_store": f"{memory_instance.graph.__class__.__module__}.{memory_instance.graph.__class__.__name__}"
>           if memory_instance.config.graph_store.config
               ^^^^^^^^^^^^^^^^^^^^^^^^^^^^^^^^^^^^^^^^^
            else None,
            "vector_store": f"{memory_instance.vector_store.__class__.__module__}.{memory_instance.vector_store.__class__.__name__}",
            "llm": f"{memory_instance.llm.__class__.__module__}.{memory_instance.llm.__class__.__name__}",
            "embedding_model": f"{memory_instance.embedding_model.__class__.__module__}.{memory_instance.embedding_model.__class__.__name__}",
            "function": f"{memory_instance.__class__.__module__}.{memory_instance.__class__.__name__}.{memory_instance.api_version}",
        }
E       AttributeError: 'NoneType' object has no attribute 'config'

additional_data = {'sync_type': 'sync'}
event_name = 'mem0.init'
memory_instance = <mem0.memory.sync_memory.Memory object at 0x000001EE8D3D3230>
oss_telemetry = <mem0.memory.telemetry.AnonymousTelemetry object at 0x000001EE8D441A90>

mem0\memory\telemetry.py:70: AttributeError
___ ERROR at setup of TestMultimodalProcessing.test_add_with_voice_envelope ___

self = <test_process_interaction_multimodal.TestMultimodalProcessing object at 0x000001EE8D441810>

    @pytest.fixture
    def memory(self):
        with (
            patch("mem0.utils.factory.EmbedderFactory.create") as mock_embedder,
            patch("mem0.utils.factory.LlmFactory.create") as mock_llm,
            patch("mem0.utils.factory.VectorStoreFactory.create") as mock_vector,
            patch("mem0.utils.factory.GraphStoreFactory.create") as mock_graph,
        ):
            mock_llm.return_value = MagicMock()
            mock_embedder.return_value = MagicMock()
            mock_vector.return_value = MagicMock()
            mock_graph.return_value = MagicMock()
    
            # Mock the add logic to return a fake success
            # We are testing the envelope extraction and context enrichment
            config = MemoryConfig()
            config.vector_store.provider = "qdrant"  # Use something else to skip supabase specific init
>           mem = Memory(config)
                  ^^^^^^^^^^^^^^

config     = MemoryConfig(vector_store=VectorStoreConfig(provider='qdrant', config=None), llm=LlmConfig(provider='openai', config={}), embedder=EmbedderConfig(provider='openai', config={}), history_db_path='C:\\Users\\msrov\\.mem0\\history.db', version='v1.1', custom_fact_extraction_prompt=None, custom_update_memory_prompt=None, graph_store=None, reranker=None, enable_resonance=False, enable_ego=False)
mock_embedder = <MagicMock name='create' id='2124084889312'>
mock_graph = <MagicMock name='create' id='2124084890320'>
mock_llm   = <MagicMock name='create' id='2124084889648'>
mock_vector = <MagicMock name='create' id='2124084889984'>
self       = <test_process_interaction_multimodal.TestMultimodalProcessing object at 0x000001EE8D441810>

tests\test_process_interaction_multimodal.py:26: 
_ _ _ _ _ _ _ _ _ _ _ _ _ _ _ _ _ _ _ _ _ _ _ _ _ _ _ _ _ _ _ _ _ _ _ _ _ _ _ _
mem0\memory\sync_memory.py:150: in __init__
    capture_event("mem0.init", self, {"sync_type": "sync"})
        attr       = 'metric'
        config     = MemoryConfig(vector_store=VectorStoreConfig(provider='qdrant', config=None), llm=LlmConfig(provider='openai', config={}), embedder=EmbedderConfig(provider='openai', config={}), history_db_path='C:\\Users\\msrov\\.mem0\\history.db', version='v1.1', custom_fact_extraction_prompt=None, custom_update_memory_prompt=None, graph_store=None, reranker=None, enable_resonance=False, enable_ego=False)
        self       = <mem0.memory.sync_memory.Memory object at 0x000001EE8D442AD0>
        telemetry_config_dict = {'collection_name': 'mem0migrations'}
_ _ _ _ _ _ _ _ _ _ _ _ _ _ _ _ _ _ _ _ _ _ _ _ _ _ _ _ _ _ _ _ _ _ _ _ _ _ _ _

event_name = 'mem0.init'
memory_instance = <mem0.memory.sync_memory.Memory object at 0x000001EE8D442AD0>
additional_data = {'sync_type': 'sync'}

    def capture_event(event_name, memory_instance, additional_data=None):
        oss_telemetry = AnonymousTelemetry(
            vector_store=memory_instance._telemetry_vector_store
            if hasattr(memory_instance, "_telemetry_vector_store")
            else None,
        )
    
        event_data = {
            "collection": memory_instance.collection_name,
            "vector_size": memory_instance.embedding_model.config.embedding_dims,
            "history_store": "sqlite",
            "graph_store": f"{memory_instance.graph.__class__.__module__}.{memory_instance.graph.__class__.__name__}"
>           if memory_instance.config.graph_store.config
               ^^^^^^^^^^^^^^^^^^^^^^^^^^^^^^^^^^^^^^^^^
            else None,
            "vector_store": f"{memory_instance.vector_store.__class__.__module__}.{memory_instance.vector_store.__class__.__name__}",
            "llm": f"{memory_instance.llm.__class__.__module__}.{memory_instance.llm.__class__.__name__}",
            "embedding_model": f"{memory_instance.embedding_model.__class__.__module__}.{memory_instance.embedding_model.__class__.__name__}",
            "function": f"{memory_instance.__class__.__module__}.{memory_instance.__class__.__name__}.{memory_instance.api_version}",
        }
E       AttributeError: 'NoneType' object has no attribute 'config'

additional_data = {'sync_type': 'sync'}
event_name = 'mem0.init'
memory_instance = <mem0.memory.sync_memory.Memory object at 0x000001EE8D442AD0>
oss_telemetry = <mem0.memory.telemetry.AnonymousTelemetry object at 0x000001EE8D443250>

mem0\memory\telemetry.py:70: AttributeError
___ ERROR at setup of TestMultimodalProcessing.test_add_with_dict_envelope ____

self = <test_process_interaction_multimodal.TestMultimodalProcessing object at 0x000001EE8D3C3230>

    @pytest.fixture
    def memory(self):
        with (
            patch("mem0.utils.factory.EmbedderFactory.create") as mock_embedder,
            patch("mem0.utils.factory.LlmFactory.create") as mock_llm,
            patch("mem0.utils.factory.VectorStoreFactory.create") as mock_vector,
            patch("mem0.utils.factory.GraphStoreFactory.create") as mock_graph,
        ):
            mock_llm.return_value = MagicMock()
            mock_embedder.return_value = MagicMock()
            mock_vector.return_value = MagicMock()
            mock_graph.return_value = MagicMock()
    
            # Mock the add logic to return a fake success
            # We are testing the envelope extraction and context enrichment
            config = MemoryConfig()
            config.vector_store.provider = "qdrant"  # Use something else to skip supabase specific init
>           mem = Memory(config)
                  ^^^^^^^^^^^^^^

config     = MemoryConfig(vector_store=VectorStoreConfig(provider='qdrant', config=None), llm=LlmConfig(provider='openai', config={}), embedder=EmbedderConfig(provider='openai', config={}), history_db_path='C:\\Users\\msrov\\.mem0\\history.db', version='v1.1', custom_fact_extraction_prompt=None, custom_update_memory_prompt=None, graph_store=None, reranker=None, enable_resonance=False, enable_ego=False)
mock_embedder = <MagicMock name='create' id='2124084892672'>
mock_graph = <MagicMock name='create' id='2124084893680'>
mock_llm   = <MagicMock name='create' id='2124084893008'>
mock_vector = <MagicMock name='create' id='2124084893344'>
self       = <test_process_interaction_multimodal.TestMultimodalProcessing object at 0x000001EE8D3C3230>

tests\test_process_interaction_multimodal.py:26: 
_ _ _ _ _ _ _ _ _ _ _ _ _ _ _ _ _ _ _ _ _ _ _ _ _ _ _ _ _ _ _ _ _ _ _ _ _ _ _ _
mem0\memory\sync_memory.py:150: in __init__
    capture_event("mem0.init", self, {"sync_type": "sync"})
        attr       = 'metric'
        config     = MemoryConfig(vector_store=VectorStoreConfig(provider='qdrant', config=None), llm=LlmConfig(provider='openai', config={}), embedder=EmbedderConfig(provider='openai', config={}), history_db_path='C:\\Users\\msrov\\.mem0\\history.db', version='v1.1', custom_fact_extraction_prompt=None, custom_update_memory_prompt=None, graph_store=None, reranker=None, enable_resonance=False, enable_ego=False)
        self       = <mem0.memory.sync_memory.Memory object at 0x000001EE8D564050>
        telemetry_config_dict = {'collection_name': 'mem0migrations'}
_ _ _ _ _ _ _ _ _ _ _ _ _ _ _ _ _ _ _ _ _ _ _ _ _ _ _ _ _ _ _ _ _ _ _ _ _ _ _ _

event_name = 'mem0.init'
memory_instance = <mem0.memory.sync_memory.Memory object at 0x000001EE8D564050>
additional_data = {'sync_type': 'sync'}

    def capture_event(event_name, memory_instance, additional_data=None):
        oss_telemetry = AnonymousTelemetry(
            vector_store=memory_instance._telemetry_vector_store
            if hasattr(memory_instance, "_telemetry_vector_store")
            else None,
        )
    
        event_data = {
            "collection": memory_instance.collection_name,
            "vector_size": memory_instance.embedding_model.config.embedding_dims,
            "history_store": "sqlite",
            "graph_store": f"{memory_instance.graph.__class__.__module__}.{memory_instance.graph.__class__.__name__}"
>           if memory_instance.config.graph_store.config
               ^^^^^^^^^^^^^^^^^^^^^^^^^^^^^^^^^^^^^^^^^
            else None,
            "vector_store": f"{memory_instance.vector_store.__class__.__module__}.{memory_instance.vector_store.__class__.__name__}",
            "llm": f"{memory_instance.llm.__class__.__module__}.{memory_instance.llm.__class__.__name__}",
            "embedding_model": f"{memory_instance.embedding_model.__class__.__module__}.{memory_instance.embedding_model.__class__.__name__}",
            "function": f"{memory_instance.__class__.__module__}.{memory_instance.__class__.__name__}.{memory_instance.api_version}",
        }
E       AttributeError: 'NoneType' object has no attribute 'config'

additional_data = {'sync_type': 'sync'}
event_name = 'mem0.init'
memory_instance = <mem0.memory.sync_memory.Memory object at 0x000001EE8D564050>
oss_telemetry = <mem0.memory.telemetry.AnonymousTelemetry object at 0x000001EE8D5E48A0>

mem0\memory\telemetry.py:70: AttributeError
============================== warnings summary ===============================
mem0\configs\base.py:18
  C:\Users\msrov\Downloads\mem0-main\mem0-main\mem0\configs\base.py:18: PydanticDeprecatedSince20: Support for class-based `config` is deprecated, use ConfigDict instead. Deprecated in Pydantic V2.0 to be removed in V3.0. See Pydantic V2 Migration Guide at https://errors.pydantic.dev/2.12/migration/
    class AzureConfig(BaseModel):

mem0\contracts\multimodal_envelope_v1.py:12
  C:\Users\msrov\Downloads\mem0-main\mem0-main\mem0\contracts\multimodal_envelope_v1.py:12: PydanticDeprecatedSince20: Support for class-based `config` is deprecated, use ConfigDict instead. Deprecated in Pydantic V2.0 to be removed in V3.0. See Pydantic V2 Migration Guide at https://errors.pydantic.dev/2.12/migration/
    class BasePayloadV1(BaseModel):

mem0\contracts\multimodal_envelope_v1.py:72
  C:\Users\msrov\Downloads\mem0-main\mem0-main\mem0\contracts\multimodal_envelope_v1.py:72: PydanticDeprecatedSince20: `min_items` is deprecated and will be removed, use `min_length` instead. Deprecated in Pydantic V2.0 to be removed in V3.0. See Pydantic V2 Migration Guide at https://errors.pydantic.dev/2.12/migration/
    payloads: List[PayloadUnion] = Field(

mem0\contracts\multimodal_envelope_v1.py:72
  C:\Users\msrov\Downloads\mem0-main\mem0-main\mem0\contracts\multimodal_envelope_v1.py:72: PydanticDeprecatedSince20: `max_items` is deprecated and will be removed, use `max_length` instead. Deprecated in Pydantic V2.0 to be removed in V3.0. See Pydantic V2 Migration Guide at https://errors.pydantic.dev/2.12/migration/
    payloads: List[PayloadUnion] = Field(

mem0\contracts\multimodal_envelope_v1.py:83
  C:\Users\msrov\Downloads\mem0-main\mem0-main\mem0\contracts\multimodal_envelope_v1.py:83: PydanticDeprecatedSince20: Pydantic V1 style `@validator` validators are deprecated. You should migrate to Pydantic V2 style `@field_validator` validators, see the migration guide for more details. Deprecated in Pydantic V2.0 to be removed in V3.0. See Pydantic V2 Migration Guide at https://errors.pydantic.dev/2.12/migration/
    @validator("metadata")

-- Docs: https://docs.pytest.org/en/stable/how-to/capture-warnings.html
=========================== short test summary info ===========================
ERROR tests/test_process_interaction_multimodal.py::TestMultimodalProcessing::test_add_with_text_envelope - AttributeError: 'NoneType' object has no attribute 'config'
ERROR tests/test_process_interaction_multimodal.py::TestMultimodalProcessing::test_add_with_voice_envelope - AttributeError: 'NoneType' object has no attribute 'config'
ERROR tests/test_process_interaction_multimodal.py::TestMultimodalProcessing::test_add_with_dict_envelope - AttributeError: 'NoneType' object has no attribute 'config'
======================== 5 warnings, 3 errors in 1.07s ========================
